// Jest Snapshot v1, https://goo.gl/fbAQLP

exports[`Render Movie card 1`] = `
<article
  className="small-movie-card catalog__movies-card"
  onMouseEnter={[Function]}
  onMouseLeave={[Function]}
>
  <div
    className="small-movie-card__image"
  >
    <video
      height="175"
      width="280"
    />
  </div>
  <h3
    className="small-movie-card__title"
  >
    <a
      className="small-movie-card__link"
      href="./movie-page"
    >
      The Grand Budapest Hotel
    </a>
  </h3>
</article>
`;
